[2026-02-03T18:26:41.614+0530][0.157s][info][gc,init] CardTable entry size: 512
[2026-02-03T18:26:41.615+0530][0.158s][info][gc     ] Using G1
[2026-02-03T18:26:41.626+0530][0.170s][info][gc,init] Version: 21.0.5+11-LTS (release)
[2026-02-03T18:26:41.626+0530][0.170s][info][gc,init] CPUs: 12 total, 12 available
[2026-02-03T18:26:41.626+0530][0.170s][info][gc,init] Memory: 16024M
[2026-02-03T18:26:41.626+0530][0.170s][info][gc,init] Large Page Support: Disabled
[2026-02-03T18:26:41.626+0530][0.170s][info][gc,init] NUMA Support: Disabled
[2026-02-03T18:26:41.626+0530][0.170s][info][gc,init] Compressed Oops: Enabled (32-bit)
[2026-02-03T18:26:41.626+0530][0.170s][info][gc,init] Heap Region Size: 1M
[2026-02-03T18:26:41.626+0530][0.170s][info][gc,init] Heap Min Capacity: 512M
[2026-02-03T18:26:41.628+0530][0.171s][info][gc,init] Heap Initial Capacity: 512M
[2026-02-03T18:26:41.628+0530][0.171s][info][gc,init] Heap Max Capacity: 2G
[2026-02-03T18:26:41.628+0530][0.171s][info][gc,init] Pre-touch: Disabled
[2026-02-03T18:26:41.628+0530][0.171s][info][gc,init] Parallel Workers: 10
[2026-02-03T18:26:41.628+0530][0.171s][info][gc,init] Concurrent Workers: 3
[2026-02-03T18:26:41.628+0530][0.171s][info][gc,init] Concurrent Refinement Workers: 10
[2026-02-03T18:26:41.628+0530][0.171s][info][gc,init] Periodic GC: Disabled
[2026-02-03T18:26:41.655+0530][0.198s][info][gc,metaspace] CDS archive(s) mapped at: [0x000002250f000000-0x000002250fc80000-0x000002250fc80000), size 13107200, SharedBaseAddress: 0x000002250f000000, ArchiveRelocationMode: 1.
[2026-02-03T18:26:41.656+0530][0.199s][info][gc,metaspace] Compressed class space mapped at: 0x0000022510000000-0x0000022550000000, reserved size: 1073741824
[2026-02-03T18:26:41.656+0530][0.199s][info][gc,metaspace] Narrow klass base: 0x000002250f000000, Narrow klass shift: 0, Narrow klass range: 0x100000000
[2026-02-03T18:26:50.522+0530][9.065s][info][gc,start    ] GC(0) Pause Young (Normal) (G1 Evacuation Pause)
[2026-02-03T18:26:50.523+0530][9.066s][info][gc,task     ] GC(0) Using 10 workers of 10 for evacuation
[2026-02-03T18:26:50.536+0530][9.079s][info][gc,phases   ] GC(0)   Pre Evacuate Collection Set: 0.6ms
[2026-02-03T18:26:50.536+0530][9.079s][info][gc,phases   ] GC(0)   Merge Heap Roots: 0.3ms
[2026-02-03T18:26:50.536+0530][9.079s][info][gc,phases   ] GC(0)   Evacuate Collection Set: 9.9ms
[2026-02-03T18:26:50.536+0530][9.079s][info][gc,phases   ] GC(0)   Post Evacuate Collection Set: 1.3ms
[2026-02-03T18:26:50.536+0530][9.079s][info][gc,phases   ] GC(0)   Other: 1.1ms
[2026-02-03T18:26:50.536+0530][9.079s][info][gc,heap     ] GC(0) Eden regions: 25->0(29)
[2026-02-03T18:26:50.536+0530][9.079s][info][gc,heap     ] GC(0) Survivor regions: 0->4(4)
[2026-02-03T18:26:50.536+0530][9.079s][info][gc,heap     ] GC(0) Old regions: 0->3
[2026-02-03T18:26:50.536+0530][9.079s][info][gc,heap     ] GC(0) Humongous regions: 1->1
[2026-02-03T18:26:50.536+0530][9.080s][info][gc,metaspace] GC(0) Metaspace: 6659K(6912K)->6659K(6912K) NonClass: 5898K(6016K)->5898K(6016K) Class: 760K(896K)->760K(896K)
[2026-02-03T18:26:50.537+0530][9.080s][info][gc          ] GC(0) Pause Young (Normal) (G1 Evacuation Pause) 26M->7M(512M) 14.717ms
[2026-02-03T18:26:50.537+0530][9.080s][info][gc,cpu      ] GC(0) User=0.06s Sys=0.02s Real=0.01s
[2026-02-03T18:26:52.460+0530][11.003s][info][gc,start    ] GC(1) Pause Young (Normal) (G1 Evacuation Pause)
[2026-02-03T18:26:52.460+0530][11.003s][info][gc,task     ] GC(1) Using 10 workers of 10 for evacuation
[2026-02-03T18:26:52.474+0530][11.018s][info][gc,phases   ] GC(1)   Pre Evacuate Collection Set: 0.5ms
[2026-02-03T18:26:52.474+0530][11.018s][info][gc,phases   ] GC(1)   Merge Heap Roots: 0.1ms
[2026-02-03T18:26:52.474+0530][11.018s][info][gc,phases   ] GC(1)   Evacuate Collection Set: 12.2ms
[2026-02-03T18:26:52.474+0530][11.018s][info][gc,phases   ] GC(1)   Post Evacuate Collection Set: 1.6ms
[2026-02-03T18:26:52.474+0530][11.018s][info][gc,phases   ] GC(1)   Other: 0.2ms
[2026-02-03T18:26:52.475+0530][11.018s][info][gc,heap     ] GC(1) Eden regions: 29->0(175)
[2026-02-03T18:26:52.475+0530][11.018s][info][gc,heap     ] GC(1) Survivor regions: 4->3(5)
[2026-02-03T18:26:52.475+0530][11.018s][info][gc,heap     ] GC(1) Old regions: 3->7
[2026-02-03T18:26:52.475+0530][11.018s][info][gc,heap     ] GC(1) Humongous regions: 1->1
[2026-02-03T18:26:52.475+0530][11.018s][info][gc,metaspace] GC(1) Metaspace: 14370K(14656K)->14370K(14656K) NonClass: 12475K(12608K)->12475K(12608K) Class: 1894K(2048K)->1894K(2048K)
[2026-02-03T18:26:52.475+0530][11.019s][info][gc          ] GC(1) Pause Young (Normal) (G1 Evacuation Pause) 36M->10M(512M) 15.721ms
[2026-02-03T18:26:52.475+0530][11.019s][info][gc,cpu      ] GC(1) User=0.08s Sys=0.02s Real=0.01s
[2026-02-03T18:26:53.945+0530][12.488s][info][gc,start    ] GC(2) Pause Young (Concurrent Start) (Metadata GC Threshold)
[2026-02-03T18:26:53.945+0530][12.488s][info][gc,task     ] GC(2) Using 10 workers of 10 for evacuation
[2026-02-03T18:26:53.956+0530][12.500s][info][gc,phases   ] GC(2)   Pre Evacuate Collection Set: 0.5ms
[2026-02-03T18:26:53.956+0530][12.500s][info][gc,phases   ] GC(2)   Merge Heap Roots: 0.3ms
[2026-02-03T18:26:53.956+0530][12.500s][info][gc,phases   ] GC(2)   Evacuate Collection Set: 8.8ms
[2026-02-03T18:26:53.956+0530][12.500s][info][gc,phases   ] GC(2)   Post Evacuate Collection Set: 1.3ms
[2026-02-03T18:26:53.956+0530][12.500s][info][gc,phases   ] GC(2)   Other: 0.3ms
[2026-02-03T18:26:53.956+0530][12.500s][info][gc,heap     ] GC(2) Eden regions: 30->0(301)
[2026-02-03T18:26:53.956+0530][12.500s][info][gc,heap     ] GC(2) Survivor regions: 3->6(23)
[2026-02-03T18:26:53.957+0530][12.500s][info][gc,heap     ] GC(2) Old regions: 7->7
[2026-02-03T18:26:53.957+0530][12.500s][info][gc,heap     ] GC(2) Humongous regions: 1->1
[2026-02-03T18:26:53.957+0530][12.500s][info][gc,metaspace] GC(2) Metaspace: 21206K(21504K)->21206K(21504K) NonClass: 18563K(18688K)->18563K(18688K) Class: 2642K(2816K)->2642K(2816K)
[2026-02-03T18:26:53.957+0530][12.500s][info][gc          ] GC(2) Pause Young (Concurrent Start) (Metadata GC Threshold) 40M->13M(512M) 11.989ms
[2026-02-03T18:26:53.957+0530][12.500s][info][gc,cpu      ] GC(2) User=0.11s Sys=0.02s Real=0.01s
[2026-02-03T18:26:53.957+0530][12.500s][info][gc          ] GC(3) Concurrent Mark Cycle
[2026-02-03T18:26:53.957+0530][12.501s][info][gc,marking  ] GC(3) Concurrent Scan Root Regions
[2026-02-03T18:26:53.963+0530][12.507s][info][gc,marking  ] GC(3) Concurrent Scan Root Regions 5.944ms
[2026-02-03T18:26:53.964+0530][12.507s][info][gc,marking  ] GC(3) Concurrent Mark
[2026-02-03T18:26:53.964+0530][12.507s][info][gc,marking  ] GC(3) Concurrent Mark From Roots
[2026-02-03T18:26:53.964+0530][12.507s][info][gc,task     ] GC(3) Using 3 workers of 3 for marking
[2026-02-03T18:26:53.970+0530][12.513s][info][gc,marking  ] GC(3) Concurrent Mark From Roots 5.969ms
[2026-02-03T18:26:53.970+0530][12.513s][info][gc,marking  ] GC(3) Concurrent Preclean
[2026-02-03T18:26:53.970+0530][12.513s][info][gc,marking  ] GC(3) Concurrent Preclean 0.095ms
[2026-02-03T18:26:53.970+0530][12.513s][info][gc,start    ] GC(3) Pause Remark
[2026-02-03T18:26:53.974+0530][12.517s][info][gc          ] GC(3) Pause Remark 15M->15M(512M) 4.052ms
[2026-02-03T18:26:53.974+0530][12.517s][info][gc,cpu      ] GC(3) User=0.00s Sys=0.00s Real=0.00s
[2026-02-03T18:26:53.974+0530][12.517s][info][gc,marking  ] GC(3) Concurrent Mark 10.762ms
[2026-02-03T18:26:53.974+0530][12.518s][info][gc,marking  ] GC(3) Concurrent Rebuild Remembered Sets and Scrub Regions
[2026-02-03T18:26:53.977+0530][12.520s][info][gc,marking  ] GC(3) Concurrent Rebuild Remembered Sets and Scrub Regions 2.785ms
[2026-02-03T18:26:53.977+0530][12.521s][info][gc,start    ] GC(3) Pause Cleanup
[2026-02-03T18:26:53.978+0530][12.521s][info][gc          ] GC(3) Pause Cleanup 15M->15M(512M) 0.524ms
[2026-02-03T18:26:53.979+0530][12.521s][info][gc,cpu      ] GC(3) User=0.00s Sys=0.00s Real=0.00s
[2026-02-03T18:26:53.979+0530][12.521s][info][gc,marking  ] GC(3) Concurrent Clear Claimed Marks
[2026-02-03T18:26:53.979+0530][12.522s][info][gc,marking  ] GC(3) Concurrent Clear Claimed Marks 0.132ms
[2026-02-03T18:26:53.979+0530][12.522s][info][gc,marking  ] GC(3) Concurrent Cleanup for Next Mark
[2026-02-03T18:26:53.982+0530][12.526s][info][gc,marking  ] GC(3) Concurrent Cleanup for Next Mark 3.859ms
[2026-02-03T18:26:53.983+0530][12.526s][info][gc          ] GC(3) Concurrent Mark Cycle 25.471ms
[2026-02-03T18:27:02.131+0530][20.674s][info][gc,start    ] GC(4) Pause Young (Concurrent Start) (Metadata GC Threshold)
[2026-02-03T18:27:02.131+0530][20.674s][info][gc,task     ] GC(4) Using 10 workers of 10 for evacuation
[2026-02-03T18:27:02.153+0530][20.696s][info][gc,phases   ] GC(4)   Pre Evacuate Collection Set: 0.5ms
[2026-02-03T18:27:02.153+0530][20.697s][info][gc,phases   ] GC(4)   Merge Heap Roots: 0.3ms
[2026-02-03T18:27:02.153+0530][20.697s][info][gc,phases   ] GC(4)   Evacuate Collection Set: 19.3ms
[2026-02-03T18:27:02.153+0530][20.697s][info][gc,phases   ] GC(4)   Post Evacuate Collection Set: 2.1ms
[2026-02-03T18:27:02.153+0530][20.697s][info][gc,phases   ] GC(4)   Other: 0.3ms
[2026-02-03T18:27:02.153+0530][20.697s][info][gc,heap     ] GC(4) Eden regions: 94->0(294)
[2026-02-03T18:27:02.154+0530][20.697s][info][gc,heap     ] GC(4) Survivor regions: 6->13(39)
[2026-02-03T18:27:02.154+0530][20.697s][info][gc,heap     ] GC(4) Old regions: 7->7
[2026-02-03T18:27:02.154+0530][20.697s][info][gc,heap     ] GC(4) Humongous regions: 1->1
[2026-02-03T18:27:02.154+0530][20.697s][info][gc,metaspace] GC(4) Metaspace: 35479K(35968K)->35479K(35968K) NonClass: 31041K(31296K)->31041K(31296K) Class: 4438K(4672K)->4438K(4672K)
[2026-02-03T18:27:02.154+0530][20.697s][info][gc          ] GC(4) Pause Young (Concurrent Start) (Metadata GC Threshold) 106M->20M(512M) 23.274ms
[2026-02-03T18:27:02.154+0530][20.697s][info][gc,cpu      ] GC(4) User=0.11s Sys=0.06s Real=0.02s
[2026-02-03T18:27:02.154+0530][20.697s][info][gc          ] GC(5) Concurrent Mark Cycle
[2026-02-03T18:27:02.154+0530][20.697s][info][gc,marking  ] GC(5) Concurrent Scan Root Regions
[2026-02-03T18:27:02.163+0530][20.706s][info][gc,marking  ] GC(5) Concurrent Scan Root Regions 8.997ms
[2026-02-03T18:27:02.163+0530][20.706s][info][gc,marking  ] GC(5) Concurrent Mark
[2026-02-03T18:27:02.163+0530][20.707s][info][gc,marking  ] GC(5) Concurrent Mark From Roots
[2026-02-03T18:27:02.163+0530][20.707s][info][gc,task     ] GC(5) Using 3 workers of 3 for marking
[2026-02-03T18:27:02.168+0530][20.712s][info][gc,marking  ] GC(5) Concurrent Mark From Roots 5.152ms
[2026-02-03T18:27:02.168+0530][20.712s][info][gc,marking  ] GC(5) Concurrent Preclean
[2026-02-03T18:27:02.169+0530][20.712s][info][gc,marking  ] GC(5) Concurrent Preclean 0.119ms
[2026-02-03T18:27:02.169+0530][20.712s][info][gc,start    ] GC(5) Pause Remark
[2026-02-03T18:27:02.178+0530][20.721s][info][gc          ] GC(5) Pause Remark 22M->22M(512M) 8.744ms
[2026-02-03T18:27:02.178+0530][20.721s][info][gc,cpu      ] GC(5) User=0.00s Sys=0.00s Real=0.01s
[2026-02-03T18:27:02.178+0530][20.721s][info][gc,marking  ] GC(5) Concurrent Mark 14.687ms
[2026-02-03T18:27:02.178+0530][20.721s][info][gc,marking  ] GC(5) Concurrent Rebuild Remembered Sets and Scrub Regions
[2026-02-03T18:27:02.182+0530][20.724s][info][gc,marking  ] GC(5) Concurrent Rebuild Remembered Sets and Scrub Regions 2.887ms
[2026-02-03T18:27:02.182+0530][20.724s][info][gc,start    ] GC(5) Pause Cleanup
[2026-02-03T18:27:02.182+0530][20.725s][info][gc          ] GC(5) Pause Cleanup 22M->22M(512M) 0.368ms
[2026-02-03T18:27:02.182+0530][20.725s][info][gc,cpu      ] GC(5) User=0.00s Sys=0.00s Real=0.00s
[2026-02-03T18:27:02.182+0530][20.725s][info][gc,marking  ] GC(5) Concurrent Clear Claimed Marks
[2026-02-03T18:27:02.182+0530][20.725s][info][gc,marking  ] GC(5) Concurrent Clear Claimed Marks 0.192ms
[2026-02-03T18:27:02.182+0530][20.725s][info][gc,marking  ] GC(5) Concurrent Cleanup for Next Mark
[2026-02-03T18:27:02.183+0530][20.727s][info][gc,marking  ] GC(5) Concurrent Cleanup for Next Mark 1.278ms
[2026-02-03T18:27:02.184+0530][20.727s][info][gc          ] GC(5) Concurrent Mark Cycle 29.610ms
[2026-02-03T18:27:12.322+0530][30.865s][info][gc,start    ] GC(6) Pause Young (Concurrent Start) (Metadata GC Threshold)
[2026-02-03T18:27:12.322+0530][30.866s][info][gc,task     ] GC(6) Using 10 workers of 10 for evacuation
[2026-02-03T18:27:12.360+0530][30.903s][info][gc,phases   ] GC(6)   Pre Evacuate Collection Set: 0.5ms
[2026-02-03T18:27:12.360+0530][30.903s][info][gc,phases   ] GC(6)   Merge Heap Roots: 0.4ms
[2026-02-03T18:27:12.360+0530][30.903s][info][gc,phases   ] GC(6)   Evacuate Collection Set: 32.5ms
[2026-02-03T18:27:12.360+0530][30.903s][info][gc,phases   ] GC(6)   Post Evacuate Collection Set: 3.1ms
[2026-02-03T18:27:12.360+0530][30.903s][info][gc,phases   ] GC(6)   Other: 0.4ms
[2026-02-03T18:27:12.360+0530][30.903s][info][gc,heap     ] GC(6) Eden regions: 109->0(287)
[2026-02-03T18:27:12.360+0530][30.903s][info][gc,heap     ] GC(6) Survivor regions: 13->20(39)
[2026-02-03T18:27:12.360+0530][30.903s][info][gc,heap     ] GC(6) Old regions: 7->7
[2026-02-03T18:27:12.360+0530][30.903s][info][gc,heap     ] GC(6) Humongous regions: 1->1
[2026-02-03T18:27:12.360+0530][30.903s][info][gc,metaspace] GC(6) Metaspace: 59470K(60096K)->59470K(60096K) NonClass: 51643K(51968K)->51643K(51968K) Class: 7827K(8128K)->7827K(8128K)
[2026-02-03T18:27:12.360+0530][30.903s][info][gc          ] GC(6) Pause Young (Concurrent Start) (Metadata GC Threshold) 129M->27M(512M) 37.852ms
[2026-02-03T18:27:12.360+0530][30.903s][info][gc,cpu      ] GC(6) User=0.14s Sys=0.02s Real=0.04s
[2026-02-03T18:27:12.361+0530][30.903s][info][gc          ] GC(7) Concurrent Mark Cycle
[2026-02-03T18:27:12.361+0530][30.904s][info][gc,marking  ] GC(7) Concurrent Scan Root Regions
[2026-02-03T18:27:12.375+0530][30.918s][info][gc,marking  ] GC(7) Concurrent Scan Root Regions 14.269ms
[2026-02-03T18:27:12.375+0530][30.918s][info][gc,marking  ] GC(7) Concurrent Mark
[2026-02-03T18:27:12.376+0530][30.918s][info][gc,marking  ] GC(7) Concurrent Mark From Roots
[2026-02-03T18:27:12.376+0530][30.918s][info][gc,task     ] GC(7) Using 3 workers of 3 for marking
[2026-02-03T18:27:12.381+0530][30.924s][info][gc,marking  ] GC(7) Concurrent Mark From Roots 5.729ms
[2026-02-03T18:27:12.381+0530][30.924s][info][gc,marking  ] GC(7) Concurrent Preclean
[2026-02-03T18:27:12.381+0530][30.924s][info][gc,marking  ] GC(7) Concurrent Preclean 0.096ms
[2026-02-03T18:27:12.381+0530][30.924s][info][gc,start    ] GC(7) Pause Remark
[2026-02-03T18:27:12.402+0530][30.945s][info][gc          ] GC(7) Pause Remark 29M->29M(512M) 20.354ms
[2026-02-03T18:27:12.402+0530][30.945s][info][gc,cpu      ] GC(7) User=0.05s Sys=0.02s Real=0.02s
[2026-02-03T18:27:12.402+0530][30.945s][info][gc,marking  ] GC(7) Concurrent Mark 26.979ms
[2026-02-03T18:27:12.402+0530][30.945s][info][gc,marking  ] GC(7) Concurrent Rebuild Remembered Sets and Scrub Regions
[2026-02-03T18:27:12.406+0530][30.949s][info][gc,marking  ] GC(7) Concurrent Rebuild Remembered Sets and Scrub Regions 3.388ms
[2026-02-03T18:27:12.406+0530][30.949s][info][gc,start    ] GC(7) Pause Cleanup
[2026-02-03T18:27:12.407+0530][30.949s][info][gc          ] GC(7) Pause Cleanup 29M->29M(512M) 0.540ms
[2026-02-03T18:27:12.407+0530][30.950s][info][gc,cpu      ] GC(7) User=0.00s Sys=0.00s Real=0.00s
[2026-02-03T18:27:12.407+0530][30.950s][info][gc,marking  ] GC(7) Concurrent Clear Claimed Marks
[2026-02-03T18:27:12.407+0530][30.950s][info][gc,marking  ] GC(7) Concurrent Clear Claimed Marks 0.243ms
[2026-02-03T18:27:12.407+0530][30.950s][info][gc,marking  ] GC(7) Concurrent Cleanup for Next Mark
[2026-02-03T18:27:12.408+0530][30.952s][info][gc,marking  ] GC(7) Concurrent Cleanup for Next Mark 1.538ms
[2026-02-03T18:27:12.408+0530][30.952s][info][gc          ] GC(7) Concurrent Mark Cycle 48.389ms
[2026-02-03T22:18:06.207+0530][13884.750s][info][gc,start    ] GC(8) Pause Young (Normal) (G1 Evacuation Pause)
[2026-02-03T22:18:06.210+0530][13884.753s][info][gc,task     ] GC(8) Using 10 workers of 10 for evacuation
[2026-02-03T22:18:06.471+0530][13885.014s][info][gc,mmu      ] GC(8) MMU target violated: 201.0ms (200.0ms/201.0ms)
[2026-02-03T22:18:06.471+0530][13885.014s][info][gc,phases   ] GC(8)   Pre Evacuate Collection Set: 6.3ms
[2026-02-03T22:18:06.471+0530][13885.014s][info][gc,phases   ] GC(8)   Merge Heap Roots: 2.5ms
[2026-02-03T22:18:06.471+0530][13885.014s][info][gc,phases   ] GC(8)   Evacuate Collection Set: 241.2ms
[2026-02-03T22:18:06.471+0530][13885.014s][info][gc,phases   ] GC(8)   Post Evacuate Collection Set: 8.5ms
[2026-02-03T22:18:06.471+0530][13885.015s][info][gc,phases   ] GC(8)   Other: 4.3ms
[2026-02-03T22:18:06.471+0530][13885.015s][info][gc,heap     ] GC(8) Eden regions: 287->0(133)
[2026-02-03T22:18:06.471+0530][13885.015s][info][gc,heap     ] GC(8) Survivor regions: 20->33(39)
[2026-02-03T22:18:06.471+0530][13885.015s][info][gc,heap     ] GC(8) Old regions: 7->7
[2026-02-03T22:18:06.471+0530][13885.015s][info][gc,heap     ] GC(8) Humongous regions: 1->1
[2026-02-03T22:18:06.471+0530][13885.015s][info][gc,metaspace] GC(8) Metaspace: 94118K(95104K)->94118K(95104K) NonClass: 81653K(82176K)->81653K(82176K) Class: 12464K(12928K)->12464K(12928K)
[2026-02-03T22:18:06.472+0530][13885.015s][info][gc          ] GC(8) Pause Young (Normal) (G1 Evacuation Pause) 314M->40M(512M) 265.019ms
[2026-02-03T22:18:06.472+0530][13885.016s][info][gc,cpu      ] GC(8) User=0.53s Sys=1.05s Real=0.26s
[2026-02-03T23:20:55.100+0530][17660.136s][info][gc,start    ] GC(9) Pause Young (Normal) (G1 Evacuation Pause)
[2026-02-03T23:20:55.116+0530][17660.159s][info][gc,task     ] GC(9) Using 10 workers of 10 for evacuation
[2026-02-03T23:20:55.281+0530][17660.318s][info][gc,phases   ] GC(9)   Pre Evacuate Collection Set: 9.7ms
[2026-02-03T23:20:55.281+0530][17660.318s][info][gc,phases   ] GC(9)   Merge Heap Roots: 3.1ms
[2026-02-03T23:20:55.281+0530][17660.318s][info][gc,phases   ] GC(9)   Evacuate Collection Set: 136.0ms
[2026-02-03T23:20:55.281+0530][17660.318s][info][gc,phases   ] GC(9)   Post Evacuate Collection Set: 8.9ms
[2026-02-03T23:20:55.281+0530][17660.318s][info][gc,phases   ] GC(9)   Other: 6.0ms
[2026-02-03T23:20:55.281+0530][17660.319s][info][gc,heap     ] GC(9) Eden regions: 133->0(302)
[2026-02-03T23:20:55.281+0530][17660.319s][info][gc,heap     ] GC(9) Survivor regions: 33->5(21)
[2026-02-03T23:20:55.281+0530][17660.319s][info][gc,heap     ] GC(9) Old regions: 7->39
[2026-02-03T23:20:55.281+0530][17660.319s][info][gc,heap     ] GC(9) Humongous regions: 1->1
[2026-02-03T23:20:55.283+0530][17660.319s][info][gc,metaspace] GC(9) Metaspace: 94587K(95552K)->94587K(95552K) NonClass: 82102K(82624K)->82102K(82624K) Class: 12484K(12928K)->12484K(12928K)
[2026-02-03T23:20:55.283+0530][17660.319s][info][gc          ] GC(9) Pause Young (Normal) (G1 Evacuation Pause) 173M->44M(512M) 183.084ms
[2026-02-03T23:20:55.283+0530][17660.319s][info][gc,cpu      ] GC(9) User=0.28s Sys=0.55s Real=0.18s
[2026-02-04T00:31:18.080+0530][21883.117s][info][gc,heap,exit] Heap
[2026-02-04T00:31:18.081+0530][21883.117s][info][gc,heap,exit]  garbage-first heap   total 524288K, used 247032K [0x0000000080000000, 0x0000000100000000)
[2026-02-04T00:31:18.081+0530][21883.117s][info][gc,heap,exit]   region size 1024K, 202 young (206848K), 5 survivors (5120K)
[2026-02-04T00:31:18.081+0530][21883.117s][info][gc,heap,exit]  Metaspace       used 94963K, committed 95872K, reserved 1179648K
[2026-02-04T00:31:18.081+0530][21883.117s][info][gc,heap,exit]   class space    used 12529K, committed 12928K, reserved 1048576K
